current directory: /home/runner/work/awbw/awbw/vendor/bundle/ruby/3.3.0/gems/date-3.4.1/ext/date
/opt/hostedtoolcache/Ruby/3.3.8/x64/bin/ruby extconf.rb
checking for rb_category_warn()... yes
checking for timezone in time.h with  -Werror... yes
checking for altzone in time.h with  -Werror... no
creating Makefile

current directory: /home/runner/work/awbw/awbw/vendor/bundle/ruby/3.3.0/gems/date-3.4.1/ext/date
make DESTDIR\= sitearchdir\=./.gem.20251114-2681-9466vx sitelibdir\=./.gem.20251114-2681-9466vx clean

current directory: /home/runner/work/awbw/awbw/vendor/bundle/ruby/3.3.0/gems/date-3.4.1/ext/date
make DESTDIR\= sitearchdir\=./.gem.20251114-2681-9466vx sitelibdir\=./.gem.20251114-2681-9466vx
compiling date_core.c
compiling date_parse.c
compiling date_strftime.c
compiling date_strptime.c
linking shared-object date_core.so

current directory: /home/runner/work/awbw/awbw/vendor/bundle/ruby/3.3.0/gems/date-3.4.1/ext/date
make DESTDIR\= sitearchdir\=./.gem.20251114-2681-9466vx sitelibdir\=./.gem.20251114-2681-9466vx install
/usr/bin/install -c -m 0755 date_core.so ./.gem.20251114-2681-9466vx

current directory: /home/runner/work/awbw/awbw/vendor/bundle/ruby/3.3.0/gems/date-3.4.1/ext/date
make DESTDIR\= sitearchdir\=./.gem.20251114-2681-9466vx sitelibdir\=./.gem.20251114-2681-9466vx clean
